20160801.001500.fv_core_coarse.res.tile1.nc 80a9c7aab5dfdc10c9b570e0a2fe6d0b
20160801.001500.fv_core_coarse.res.tile2.nc 02c889204048e4e4a0eab85705daa2af
20160801.001500.fv_core_coarse.res.tile3.nc fb502ae49e8dedfe82971916caa6224a
20160801.001500.fv_core_coarse.res.tile4.nc 72ea4ca51a6eb712f39b1b924d60529d
20160801.001500.fv_core_coarse.res.tile5.nc ad15353befc7b0f95c9deca9b8e5cb12
20160801.001500.fv_core_coarse.res.tile6.nc 5c0c71ea26d70ae247470c3f90e14374
20160801.001500.fv_srf_wnd_coarse.res.tile1.nc 0451fe90bfd64845ad152c8efde544f5
20160801.001500.fv_srf_wnd_coarse.res.tile2.nc 5eed7980f5cc4c30609a92c0c1c9c481
20160801.001500.fv_srf_wnd_coarse.res.tile3.nc c5d41d7d1db5e7968d6fd45254719521
20160801.001500.fv_srf_wnd_coarse.res.tile4.nc 054d34d060e67af561498d55ef2b3b0a
20160801.001500.fv_srf_wnd_coarse.res.tile5.nc cec8b6c64320e7354765ce68db14e354
20160801.001500.fv_srf_wnd_coarse.res.tile6.nc fc91353ba2ae2f26ca9773a38a112b46
20160801.001500.fv_tracer_coarse.res.tile1.nc 2b8aa16bc92df4e3a376fc98a34ee5da
20160801.001500.fv_tracer_coarse.res.tile2.nc 9817b2001d747c4ecdbc85369ae94137
20160801.001500.fv_tracer_coarse.res.tile3.nc 045663cbfb00daf45d2682c1d67473e6
20160801.001500.fv_tracer_coarse.res.tile4.nc 17136098f8e3cc8fa59eb40443635726
20160801.001500.fv_tracer_coarse.res.tile5.nc 4c5f46fa4c2ee05b5c5ff5145b92763e
20160801.001500.fv_tracer_coarse.res.tile6.nc 2a1e1c62bac28e844cfa6a5b79d851b1
20160801.001500.sfc_data_coarse.tile1.nc 39a714ee5559290c2ffec0867686fb61
20160801.001500.sfc_data_coarse.tile2.nc 9d2f5fd0c58d34afdd77c513eafaa999
20160801.001500.sfc_data_coarse.tile3.nc 4bea2ba3e3dc657c39e44f28b25a1f26
20160801.001500.sfc_data_coarse.tile4.nc 2c5ee15e2786c7a4588f4529ff19c81b
20160801.001500.sfc_data_coarse.tile5.nc 7430946024e9c8da11a1261ea2df7b61
20160801.001500.sfc_data_coarse.tile6.nc cee07d959e2483ee9305172625d81a47
atmos_15min_coarse_ave.tile1.nc 10987e109fd6fd9cafee946b0eaec5d5
atmos_15min_coarse_ave.tile2.nc 530a457d8f30e5355964bba122f971fc
atmos_15min_coarse_ave.tile3.nc dad78011887660cf13790db84c8258fc
atmos_15min_coarse_ave.tile4.nc e1246d78f00c15180942f85a7c583c06
atmos_15min_coarse_ave.tile5.nc 9195f2c73f878925c892ecf0fc547e43
atmos_15min_coarse_ave.tile6.nc 59b4bcd96ec44074dc86f81123dbde11
atmos_15min_coarse_inst.tile1.nc bbc6983c678d6b51a6d3987058cc9c32
atmos_15min_coarse_inst.tile2.nc be03aafccaff04d2f38686f7ba1ea331
atmos_15min_coarse_inst.tile3.nc d66dc16e50c0d55e82526a27216de5d5
atmos_15min_coarse_inst.tile4.nc fcf39dd60258b792be2b4302e2e1ab2d
atmos_15min_coarse_inst.tile5.nc 23afd773c801ccf5946655b83b00021e
atmos_15min_coarse_inst.tile6.nc 0a1e69750a059817f1424fc5efc045ea
atmos_static.tile1.nc 619b61ea4c39e0299a7304b804d71644
atmos_static.tile2.nc 0eef97643d2bcf6446f6f6e1000ecee9
atmos_static.tile3.nc 9b841377c9db9feeeb204ee0694b96e8
atmos_static.tile4.nc e9410405aee02aca937305531fdd5027
atmos_static.tile5.nc 6d8b08dcfd6693cab348acf80aca9030
atmos_static.tile6.nc 1a69a19a699a7b1e0df207bd60e76e5e
fv_core.res.nc 03f92921ec61bc2e8650bcc3b1cc3971
fv_core.res.tile1.nc 57997e837a4c1ea0c219619369f28e15
fv_core.res.tile2.nc 7c776c085e152082f881e87aadccdfa9
fv_core.res.tile3.nc 1134ad883310f5c359d97c45eb794809
fv_core.res.tile4.nc e52dd251885da7bfa961c7f43b6accda
fv_core.res.tile5.nc 893d71fc2e1874d8b1cf916a6fd0e997
fv_core.res.tile6.nc 4713c831682755dd582e043cb49b369f
fv_core_coarse.res.tile1.nc cedd816912303f5ada8ef8f33ac478c1
fv_core_coarse.res.tile2.nc fa8c961cd55c8a1ee627da3c93bf121f
fv_core_coarse.res.tile3.nc 3f8b22a0b3c37ed52ad1d30897f7be30
fv_core_coarse.res.tile4.nc 9d2b99b23bdc24d916bcce1c6c08b0f6
fv_core_coarse.res.tile5.nc d160f9fae3e1fa120dcd39b6e88eb2c2
fv_core_coarse.res.tile6.nc 9a1182842dbc7e7743615de3b43fb90f
fv_srf_wnd.res.tile1.nc e7c0376dcc9cc97440636bf1770e062d
fv_srf_wnd.res.tile2.nc 4ed77ce1ca6e9d12b4bba6525913d07e
fv_srf_wnd.res.tile3.nc f2f16096d52c843896d34197efdab7cc
fv_srf_wnd.res.tile4.nc 54cdd9b8cb0a2d050fd68b7f2a63e8bb
fv_srf_wnd.res.tile5.nc f8573f6675cc9aa6a727e990c3a5b91a
fv_srf_wnd.res.tile6.nc 471256813cd4fd0a8a0925071f33ae12
fv_srf_wnd_coarse.res.tile1.nc 4782ea9bbf2adceedeb262ab5a39a281
fv_srf_wnd_coarse.res.tile2.nc 19a0b7c816888eee932bda635d37aa19
fv_srf_wnd_coarse.res.tile3.nc d6d9f38e903b244355628689b1980e40
fv_srf_wnd_coarse.res.tile4.nc 4f1c637a62e2b74cd07e13ebfda20c86
fv_srf_wnd_coarse.res.tile5.nc 6580a2905b470461d07bd4592bee6ede
fv_srf_wnd_coarse.res.tile6.nc 7ad1a4d4433fedc1ae0d5eebe0184738
fv_tracer.res.tile1.nc dd8b05ccfeddd9756a5f486d6e237f8c
fv_tracer.res.tile2.nc d706728b70f6556d27f947466115c956
fv_tracer.res.tile3.nc a0620da301507c224f2a570d85ea7d9f
fv_tracer.res.tile4.nc 0c82b7f781356b43a6f954da856b957e
fv_tracer.res.tile5.nc de735c1bc77423e9531af6c2e6c19fcb
fv_tracer.res.tile6.nc 1507106620e6857557fa8ef6659f1e8c
fv_tracer_coarse.res.tile1.nc 04f000f500b62629c9b6af01ba7c5051
fv_tracer_coarse.res.tile2.nc 91b46684a0b2fb0e4f55d449c5c10efd
fv_tracer_coarse.res.tile3.nc a803f836557a23a2e4f599448e7ad22a
fv_tracer_coarse.res.tile4.nc cb605536747ff703e2d179a31a5294bf
fv_tracer_coarse.res.tile5.nc f436c9cf16cfc4e0828d543452353834
fv_tracer_coarse.res.tile6.nc 5417ac1dd87d667aa106e3ebabfbf1d5
gfs_ctrl.nc 72479dcd4e5e38f802cd1ac9bc71aa8b
gfs_data.tile1.nc c0bba587540ba06a45a16ef06134224b
gfs_data.tile2.nc d14b7b0ffc2853431014e56feaf7476a
gfs_data.tile3.nc 1a3e5ce9528218ccc41c8e6d28eb7a6b
gfs_data.tile4.nc c41240db80e5fddbbc0b85db6ae2aa79
gfs_data.tile5.nc d13590003b7531d76822d8f3161a426d
gfs_data.tile6.nc c9aff252070daca55b36ac3779122755
gfsphysics_15min_coarse.tile1.nc fede1e81aff41d7431cfbf3a1cf3b20e
gfsphysics_15min_coarse.tile2.nc bc3d7ae58337c9345a5fea56c4574c35
gfsphysics_15min_coarse.tile3.nc 102c96aabedaa317652db8b20bfec124
gfsphysics_15min_coarse.tile4.nc 8c6237e143048ef611def78dfc626e83
gfsphysics_15min_coarse.tile5.nc 21a526654481ebb2d331ff32e419bfa6
gfsphysics_15min_coarse.tile6.nc 5c6b2b8ffd7783e5a1886a4ad6aaddc8
grid_spec.tile1.nc 59f571718c972e967a585a78202ecf3f
grid_spec.tile2.nc 04f297267e4c9bd35a87633bb009fe7e
grid_spec.tile3.nc 620572e8069f186ee3da98729153eeea
grid_spec.tile4.nc f198d415d03f5359ca750430f3e61b4a
grid_spec.tile5.nc 1573fbad16114c552fc794fe33f4748b
grid_spec.tile6.nc 855ba3a18f19b8b385f8a340dfe6a9ff
grid_spec_coarse.tile1.nc 74e99a3d802c3711baea622a08d372e6
grid_spec_coarse.tile2.nc 0ec55becdbe34b66253120e9c3fcefbb
grid_spec_coarse.tile3.nc fed8522c20eac59e121babb4abc0a077
grid_spec_coarse.tile4.nc 912449d19e77a433401f1e0498534cf5
grid_spec_coarse.tile5.nc 8332cb7f89f4477d4b05b727af3b5870
grid_spec_coarse.tile6.nc 84efe1b3dd75527b40488eb6cb549cea
oro_data.tile1.nc 7a51c9c62c1dafafc19c8fb9c1c5945b
oro_data.tile2.nc 9196b1ce3803f01782076e1e5a256340
oro_data.tile3.nc 8eb0653c3f656b3981ca8b57bfb6ac28
oro_data.tile4.nc 3d85307062f7c1f1bcd6c97177344d82
oro_data.tile5.nc 6820a83fb382fd45a5883c603266bb17
oro_data.tile6.nc df632c163e05bd45d742c2c995b6e5b5
phy_data.tile1.nc fb88bfd101012d8b1d00c14c1a22351e
phy_data.tile2.nc cf136172bcb639092a922e7f50adf1ad
phy_data.tile3.nc 340a36a988201cc3db4d12a0f5062dad
phy_data.tile4.nc 7d3d8a6c10dd385c65af2b5ff914c24b
phy_data.tile5.nc 1d0ef27b83773c311fe92b59d02b64fc
phy_data.tile6.nc 8dcb5440277f5d5b86b2b093789dcb3a
physics_tendencies_15min_coarse.tile1.nc 2d1a254ea2200c729dcf4f5df35ea923
physics_tendencies_15min_coarse.tile2.nc c82f8c0906111f862c521ddf85552023
physics_tendencies_15min_coarse.tile3.nc 8cd128e0ebf5e54b0feb143ea6bc211f
physics_tendencies_15min_coarse.tile4.nc 1ae6c463d0434bbe6cca9588557d2c1d
physics_tendencies_15min_coarse.tile5.nc 90aeb4c27f340a5d272353fed619ab5c
physics_tendencies_15min_coarse.tile6.nc 94ed647d2e0e5e2831077035b1b5b538
sfc_data.tile1.nc 01d55ac6277e758207e855222fa5eaa5
sfc_data.tile2.nc 6e36dcca146e6306b62b667f00e35837
sfc_data.tile3.nc 376b8453fa09a33e3e4f523353ab0669
sfc_data.tile4.nc 4fd4f998979b73901a28a03f84940e5f
sfc_data.tile5.nc 68821da46d1c1398b9e48e784eac539a
sfc_data.tile6.nc 1704922a9c10744d96d09796dbf2beab
sfc_data_coarse.tile1.nc de3a69497e2d35530f95881ed5652d9c
sfc_data_coarse.tile2.nc 264ffbd1f5dca3d2e38bb3952eedfe7b
sfc_data_coarse.tile3.nc 7f3c4221d29f9039a20ecdaf7b44c487
sfc_data_coarse.tile4.nc 470f3bedc84ceee9393eac7b6b573c14
sfc_data_coarse.tile5.nc 1393a56b3c3c68d10892d78a94413a58
sfc_data_coarse.tile6.nc 610b245ac48a1b289d85e811e11150c0
