./atmos_15min_coarse_ave.tile1.nc 1d22f8699fa980a1354fcdaf5994da67
./atmos_15min_coarse_ave.tile2.nc b69b256b70002aec798c67bb388bbbe4
./atmos_15min_coarse_ave.tile3.nc 3b8da6dbccfab7e787e7aa7919f13f46
./atmos_15min_coarse_ave.tile4.nc 070e4c0d4d15ac068048cab92b4d29c2
./atmos_15min_coarse_ave.tile5.nc 7a78584ddb401f58cdf29b27574f256d
./atmos_15min_coarse_ave.tile6.nc b9c6277765712aa495abb19d545939c0
./atmos_15min_coarse_inst.tile1.nc 42331007cd215f8c7cdda3ad2e5048f9
./atmos_15min_coarse_inst.tile2.nc 580d1af6bf01bb64628ad684d7237c60
./atmos_15min_coarse_inst.tile3.nc 02eeabcda2204e09ad67916f4f901d5b
./atmos_15min_coarse_inst.tile4.nc 3af56297229504357ad0073785ca88fb
./atmos_15min_coarse_inst.tile5.nc 701866a6d961ef8b18541998e7c455f9
./atmos_15min_coarse_inst.tile6.nc d5546b93e2e97befe46d7a71a5375eba
./atmos_static.tile1.nc 6163f79892895ac58c44cc3627987f32
./atmos_static.tile2.nc 2aa48558df1f9ce16fe6f7ef66a4f9dc
./atmos_static.tile3.nc 017d1b70797e4cb92afb6b03a38c9dda
./atmos_static.tile4.nc 849d334e2ac655063c7087d9eb5396af
./atmos_static.tile5.nc 4f17e36c2e2603ff7f887f80b90dffed
./atmos_static.tile6.nc 99be4febd5cbb0613b5f39548373a3fb
./gfsphysics_15min_coarse.tile1.nc 31db2a3a8daf0973e5e08870680e827e
./gfsphysics_15min_coarse.tile2.nc e09d24f5f198acc1b2137f2beba4be35
./gfsphysics_15min_coarse.tile3.nc 465dfd616c1acb4a9bc3868235e10be3
./gfsphysics_15min_coarse.tile4.nc 7c7fa3ae850fe4a57f771df2c23561e0
./gfsphysics_15min_coarse.tile5.nc fc8a57496e02f1058cac0383749a02b8
./gfsphysics_15min_coarse.tile6.nc f6631903b259ae3d68764b8abe250a37
./grid_spec.tile1.nc 0491709f0480fc8ae485348fa16269d0
./grid_spec.tile2.nc 33f211fa6cc36664ba19df3cc8b1c3fe
./grid_spec.tile3.nc e4b4c9ea13bff8d6b3976cc716d37e3c
./grid_spec.tile4.nc a46cf23fc104cb8f969a613190abea6d
./grid_spec.tile5.nc 5f666f2d28aa97976bf5de58c2fb9f6a
./grid_spec.tile6.nc 2be47cd691293f4c0f7c592f8c06c636
./grid_spec_coarse.tile1.nc 97f024224cbfa7528d64155a58b68ce7
./grid_spec_coarse.tile2.nc 996f17c29602754d913a7e351429fa35
./grid_spec_coarse.tile3.nc 22185deaa6d86741a9685eac7f19c122
./grid_spec_coarse.tile4.nc 65010426615309c679c311b0536a0be5
./grid_spec_coarse.tile5.nc f6b3bc81016db6b54159e55dbe9ce878
./grid_spec_coarse.tile6.nc a055ea60898cf38317b4e1acb532f1e5
./physics_tendencies_15min_coarse.tile1.nc 1ceee68509eee70201f2c12385cf6c3b
./physics_tendencies_15min_coarse.tile2.nc 14c840dd3033fd45b2a0844e5724f6fa
./physics_tendencies_15min_coarse.tile3.nc 22f844347d55b529da371471457ab581
./physics_tendencies_15min_coarse.tile4.nc 2f953fd874ede125148d598d9f106a3f
./physics_tendencies_15min_coarse.tile5.nc bcf140a10c429a441ff017e2839a4017
./physics_tendencies_15min_coarse.tile6.nc 7928ab2ef3b2ac1405c6ff44b5efeecf
INPUT/gfs_ctrl.nc 72479dcd4e5e38f802cd1ac9bc71aa8b
INPUT/gfs_data.tile1.nc c0bba587540ba06a45a16ef06134224b
INPUT/gfs_data.tile2.nc d14b7b0ffc2853431014e56feaf7476a
INPUT/gfs_data.tile3.nc 1a3e5ce9528218ccc41c8e6d28eb7a6b
INPUT/gfs_data.tile4.nc c41240db80e5fddbbc0b85db6ae2aa79
INPUT/gfs_data.tile5.nc d13590003b7531d76822d8f3161a426d
INPUT/gfs_data.tile6.nc c9aff252070daca55b36ac3779122755
INPUT/oro_data.tile1.nc 7a51c9c62c1dafafc19c8fb9c1c5945b
INPUT/oro_data.tile2.nc 9196b1ce3803f01782076e1e5a256340
INPUT/oro_data.tile3.nc 8eb0653c3f656b3981ca8b57bfb6ac28
INPUT/oro_data.tile4.nc 3d85307062f7c1f1bcd6c97177344d82
INPUT/oro_data.tile5.nc 6820a83fb382fd45a5883c603266bb17
INPUT/oro_data.tile6.nc df632c163e05bd45d742c2c995b6e5b5
INPUT/sfc_data.tile1.nc 01d55ac6277e758207e855222fa5eaa5
INPUT/sfc_data.tile2.nc 6e36dcca146e6306b62b667f00e35837
INPUT/sfc_data.tile3.nc 376b8453fa09a33e3e4f523353ab0669
INPUT/sfc_data.tile4.nc 4fd4f998979b73901a28a03f84940e5f
INPUT/sfc_data.tile5.nc 68821da46d1c1398b9e48e784eac539a
INPUT/sfc_data.tile6.nc 1704922a9c10744d96d09796dbf2beab
RESTART/20160801.001500.fv_core_coarse.res.tile1.nc 1e48ebf5fd835669a07008b61837b3ce
RESTART/20160801.001500.fv_core_coarse.res.tile2.nc eb554b99f55b50ca7ddf4e11a6eaaf23
RESTART/20160801.001500.fv_core_coarse.res.tile3.nc ec32914ff733d153fd85f53e449275e9
RESTART/20160801.001500.fv_core_coarse.res.tile4.nc f18fc715b8046b1318530430fd81af81
RESTART/20160801.001500.fv_core_coarse.res.tile5.nc 12fadec903a0a3116abdd945a8741ba3
RESTART/20160801.001500.fv_core_coarse.res.tile6.nc 4195afda7d9eec6e57b2369d516cf6ff
RESTART/20160801.001500.fv_srf_wnd_coarse.res.tile1.nc 0451fe90bfd64845ad152c8efde544f5
RESTART/20160801.001500.fv_srf_wnd_coarse.res.tile2.nc 5eed7980f5cc4c30609a92c0c1c9c481
RESTART/20160801.001500.fv_srf_wnd_coarse.res.tile3.nc c5d41d7d1db5e7968d6fd45254719521
RESTART/20160801.001500.fv_srf_wnd_coarse.res.tile4.nc 054d34d060e67af561498d55ef2b3b0a
RESTART/20160801.001500.fv_srf_wnd_coarse.res.tile5.nc cec8b6c64320e7354765ce68db14e354
RESTART/20160801.001500.fv_srf_wnd_coarse.res.tile6.nc fc91353ba2ae2f26ca9773a38a112b46
RESTART/20160801.001500.fv_tracer_coarse.res.tile1.nc c8fa1c4f42fe0cd891c297cff36c760e
RESTART/20160801.001500.fv_tracer_coarse.res.tile2.nc 20cced78bdd94c3fc2043814519c3cff
RESTART/20160801.001500.fv_tracer_coarse.res.tile3.nc b0fd167ffd03f9075b9658cf060f5297
RESTART/20160801.001500.fv_tracer_coarse.res.tile4.nc 3395a5bb581821c014ee02d9e5ef9149
RESTART/20160801.001500.fv_tracer_coarse.res.tile5.nc 40a703c68210255702a4a74e00a53a08
RESTART/20160801.001500.fv_tracer_coarse.res.tile6.nc 586b20eb215308dd86cf429ec3186e95
RESTART/20160801.001500.sfc_data_coarse.tile1.nc 39a714ee5559290c2ffec0867686fb61
RESTART/20160801.001500.sfc_data_coarse.tile2.nc 9d2f5fd0c58d34afdd77c513eafaa999
RESTART/20160801.001500.sfc_data_coarse.tile3.nc 4bea2ba3e3dc657c39e44f28b25a1f26
RESTART/20160801.001500.sfc_data_coarse.tile4.nc 2c5ee15e2786c7a4588f4529ff19c81b
RESTART/20160801.001500.sfc_data_coarse.tile5.nc 7430946024e9c8da11a1261ea2df7b61
RESTART/20160801.001500.sfc_data_coarse.tile6.nc cee07d959e2483ee9305172625d81a47
RESTART/fv_core.res.nc 03f92921ec61bc2e8650bcc3b1cc3971
RESTART/fv_core.res.tile1.nc 57997e837a4c1ea0c219619369f28e15
RESTART/fv_core.res.tile2.nc 7c776c085e152082f881e87aadccdfa9
RESTART/fv_core.res.tile3.nc 1134ad883310f5c359d97c45eb794809
RESTART/fv_core.res.tile4.nc e52dd251885da7bfa961c7f43b6accda
RESTART/fv_core.res.tile5.nc 893d71fc2e1874d8b1cf916a6fd0e997
RESTART/fv_core.res.tile6.nc 4713c831682755dd582e043cb49b369f
RESTART/fv_core_coarse.res.tile1.nc b8167292a0b3854e7a32f856cae7861a
RESTART/fv_core_coarse.res.tile2.nc 3f423b97084c8f166099e4d100d5dd60
RESTART/fv_core_coarse.res.tile3.nc cb02bdf302ad09755a834db9d446737a
RESTART/fv_core_coarse.res.tile4.nc 208e335f83e905ff92d5f550f4667324
RESTART/fv_core_coarse.res.tile5.nc b2077bf937c3fb4e667ee298536657ad
RESTART/fv_core_coarse.res.tile6.nc ec9a59b6ee43d0893bf6965416e5f122
RESTART/fv_srf_wnd.res.tile1.nc e7c0376dcc9cc97440636bf1770e062d
RESTART/fv_srf_wnd.res.tile2.nc 4ed77ce1ca6e9d12b4bba6525913d07e
RESTART/fv_srf_wnd.res.tile3.nc f2f16096d52c843896d34197efdab7cc
RESTART/fv_srf_wnd.res.tile4.nc 54cdd9b8cb0a2d050fd68b7f2a63e8bb
RESTART/fv_srf_wnd.res.tile5.nc f8573f6675cc9aa6a727e990c3a5b91a
RESTART/fv_srf_wnd.res.tile6.nc 471256813cd4fd0a8a0925071f33ae12
RESTART/fv_srf_wnd_coarse.res.tile1.nc 4782ea9bbf2adceedeb262ab5a39a281
RESTART/fv_srf_wnd_coarse.res.tile2.nc 19a0b7c816888eee932bda635d37aa19
RESTART/fv_srf_wnd_coarse.res.tile3.nc d6d9f38e903b244355628689b1980e40
RESTART/fv_srf_wnd_coarse.res.tile4.nc 4f1c637a62e2b74cd07e13ebfda20c86
RESTART/fv_srf_wnd_coarse.res.tile5.nc 6580a2905b470461d07bd4592bee6ede
RESTART/fv_srf_wnd_coarse.res.tile6.nc 7ad1a4d4433fedc1ae0d5eebe0184738
RESTART/fv_tracer.res.tile1.nc dd8b05ccfeddd9756a5f486d6e237f8c
RESTART/fv_tracer.res.tile2.nc d706728b70f6556d27f947466115c956
RESTART/fv_tracer.res.tile3.nc a0620da301507c224f2a570d85ea7d9f
RESTART/fv_tracer.res.tile4.nc 0c82b7f781356b43a6f954da856b957e
RESTART/fv_tracer.res.tile5.nc de735c1bc77423e9531af6c2e6c19fcb
RESTART/fv_tracer.res.tile6.nc 1507106620e6857557fa8ef6659f1e8c
RESTART/fv_tracer_coarse.res.tile1.nc 950b10acf4052337fef4c5ed56223033
RESTART/fv_tracer_coarse.res.tile2.nc 1a76c31a5bd1a78fef42f2532582da4f
RESTART/fv_tracer_coarse.res.tile3.nc e5a52974d7aa509d6e6e5a6e211c552b
RESTART/fv_tracer_coarse.res.tile4.nc c52ccab5efc18fcad0f57b4e3e9dff38
RESTART/fv_tracer_coarse.res.tile5.nc 6d7e561e5d00bb8a7a16d48aca54b8bb
RESTART/fv_tracer_coarse.res.tile6.nc eadf2d1c818100a97bfeebc61dfbc4df
RESTART/phy_data.tile1.nc fb88bfd101012d8b1d00c14c1a22351e
RESTART/phy_data.tile2.nc cf136172bcb639092a922e7f50adf1ad
RESTART/phy_data.tile3.nc 340a36a988201cc3db4d12a0f5062dad
RESTART/phy_data.tile4.nc 7d3d8a6c10dd385c65af2b5ff914c24b
RESTART/phy_data.tile5.nc 1d0ef27b83773c311fe92b59d02b64fc
RESTART/phy_data.tile6.nc 8dcb5440277f5d5b86b2b093789dcb3a
RESTART/sfc_data.tile1.nc 21859818437e10c222bfbc22f1fdeae9
RESTART/sfc_data.tile2.nc 4653c8a117d73d01c207e22a8adc2065
RESTART/sfc_data.tile3.nc 9bbcede9adfacf99b40e0dcd2328a62c
RESTART/sfc_data.tile4.nc 65737ccef0ee44ec646a0fcae528137f
RESTART/sfc_data.tile5.nc f9f7d2266a33e5a829490f3fd3e7233b
RESTART/sfc_data.tile6.nc d2189bfecda1c5c4f98d6a1b8d77b6ee
RESTART/sfc_data_coarse.tile1.nc de3a69497e2d35530f95881ed5652d9c
RESTART/sfc_data_coarse.tile2.nc 264ffbd1f5dca3d2e38bb3952eedfe7b
RESTART/sfc_data_coarse.tile3.nc 7f3c4221d29f9039a20ecdaf7b44c487
RESTART/sfc_data_coarse.tile4.nc 470f3bedc84ceee9393eac7b6b573c14
RESTART/sfc_data_coarse.tile5.nc 1393a56b3c3c68d10892d78a94413a58
RESTART/sfc_data_coarse.tile6.nc 610b245ac48a1b289d85e811e11150c0
