atmos_8xdaily.tile1.nc 0245ad83ac75a29df5b64382f750e7a9
atmos_8xdaily.tile2.nc 433ed54925dda422ee7d629d2a898623
atmos_8xdaily.tile3.nc e9fc6dc062447b93e9ba7324e88c5ecd
atmos_8xdaily.tile4.nc 6bffe09cee5400ce47972494c67a2fde
atmos_8xdaily.tile5.nc e62a4e5cb6cd705fd1d22899917cac02
atmos_8xdaily.tile6.nc 7298367743012098681d6c8916fa2d33
atmos_dt_atmos.tile1.nc 5b8f7b52ceccae2370ac9d948ce8a44b
atmos_dt_atmos.tile2.nc 07420f748037e8dc7e7ab233bf93b765
atmos_dt_atmos.tile3.nc de73a6dd3627be53f11d83ff3890f943
atmos_dt_atmos.tile4.nc fc51fe59ae37f4e7a7ec638d76cb74b4
atmos_dt_atmos.tile5.nc 0a0ccba3191287cc026400beb191e274
atmos_dt_atmos.tile6.nc 7673a1161ef9a8a8049341debf19b35e
atmos_static.tile1.nc 8eb161a8cd002f6b4d22153b2f70d1e9
atmos_static.tile2.nc ef1e925dfc78367952c956bdb7e1ceb4
atmos_static.tile3.nc 8d896f1374d26641eb88ee448db35fef
atmos_static.tile4.nc 2ffd7708edd11a7f5b4d986237ef128b
atmos_static.tile5.nc 69767c62e6861db5fc20ce34cda3d383
atmos_static.tile6.nc 2e112b68717697f780843d8a3a48e2cd
fv_core.res.nc 03f92921ec61bc2e8650bcc3b1cc3971
fv_core.res.tile1.nc 1742fd7ffd5e2e1d2d7a8acc0f4450e4
fv_core.res.tile2.nc 846e689e0bd572179f7bd42562b1a9c1
fv_core.res.tile3.nc c123fb6f666d165dd2511125f1281d29
fv_core.res.tile4.nc f2b79509307f9b8c330d5574dba1d77f
fv_core.res.tile5.nc 9559011d0a5b4d7afe8856d40164983c
fv_core.res.tile6.nc 1810f088f0068325f2f741b325be52ec
fv_srf_wnd.res.tile1.nc 02d2a7eeb5f03ec1842912dac4add535
fv_srf_wnd.res.tile2.nc dae3cbddd911e4e0712f61feb915531d
fv_srf_wnd.res.tile3.nc f35b796a37d46c2ef8196f442342cdd3
fv_srf_wnd.res.tile4.nc 09874a922b4ee7ca825b3e43eba8f7f8
fv_srf_wnd.res.tile5.nc 610b8b2adc4ebc473d87e21fbee34421
fv_srf_wnd.res.tile6.nc d429ee50386fa78623828c350ad5687c
fv_tracer.res.tile1.nc fa4e746ab02a9c1618bb4dbe75d54826
fv_tracer.res.tile2.nc b8d6bc9d33383a5f249c2358b0252ecd
fv_tracer.res.tile3.nc 5244ed138e99d303551a2616c2995c1e
fv_tracer.res.tile4.nc 28f04e6180ee3944d0e32ff4a246f2ac
fv_tracer.res.tile5.nc 87d99d835d1ac2c240a55920b7eec085
fv_tracer.res.tile6.nc 96a264e720f36eb9e264f0f27f31d41b
gfs_ctrl.nc 72479dcd4e5e38f802cd1ac9bc71aa8b
gfs_data.tile1.nc c0bba587540ba06a45a16ef06134224b
gfs_data.tile2.nc d14b7b0ffc2853431014e56feaf7476a
gfs_data.tile3.nc 1a3e5ce9528218ccc41c8e6d28eb7a6b
gfs_data.tile4.nc c41240db80e5fddbbc0b85db6ae2aa79
gfs_data.tile5.nc d13590003b7531d76822d8f3161a426d
gfs_data.tile6.nc c9aff252070daca55b36ac3779122755
oro_data.tile1.nc 7a51c9c62c1dafafc19c8fb9c1c5945b
oro_data.tile2.nc 9196b1ce3803f01782076e1e5a256340
oro_data.tile3.nc 8eb0653c3f656b3981ca8b57bfb6ac28
oro_data.tile4.nc 3d85307062f7c1f1bcd6c97177344d82
oro_data.tile5.nc 6820a83fb382fd45a5883c603266bb17
oro_data.tile6.nc df632c163e05bd45d742c2c995b6e5b5
phy_data.tile1.nc 69d77bb343accb90c1f78d08775ddbfd
phy_data.tile2.nc c1006c3cd31f745b8cff0fec7c131f57
phy_data.tile3.nc c82341924d98a419e46a0904c15b55a7
phy_data.tile4.nc 3f6dfa10e20c84e34e3db5d4b3d90e9c
phy_data.tile5.nc 855a7a8abed03baea682278e7e166496
phy_data.tile6.nc cff896b572e878fdf44ba412394bd236
sfc_data.tile1.nc 01d55ac6277e758207e855222fa5eaa5
sfc_data.tile2.nc 6e36dcca146e6306b62b667f00e35837
sfc_data.tile3.nc 376b8453fa09a33e3e4f523353ab0669
sfc_data.tile4.nc 4fd4f998979b73901a28a03f84940e5f
sfc_data.tile5.nc 68821da46d1c1398b9e48e784eac539a
sfc_data.tile6.nc 1704922a9c10744d96d09796dbf2beab
sfc_dt_atmos.tile1.nc 35232cbb646365129c24006a950cf92b
sfc_dt_atmos.tile2.nc 8297d87cd45f5f1ed9719583aa55d51c
sfc_dt_atmos.tile3.nc d68f55beb88036de996eccfdae493a75
sfc_dt_atmos.tile4.nc ced58114827eeff940c491a8efceff86
sfc_dt_atmos.tile5.nc d06599b7ac0a9c3e5b04e51c79ecdb2a
sfc_dt_atmos.tile6.nc c1e10109c035cb81a82bd704b5a4c047
