atmos_4xdaily_fine_inst.tile1.nc 131fab4e3cd1feae7cb6bdaff881e725
atmos_4xdaily_fine_inst.tile2.nc fe45eab4a5c25ec93a5a348ee08881a0
atmos_4xdaily_fine_inst.tile3.nc fad54c07bf8692b0bb1296a189306dff
atmos_4xdaily_fine_inst.tile4.nc bdf349ecd9d8065fb7bc27d69b438c00
atmos_4xdaily_fine_inst.tile5.nc 1094331a6b0aa718e6509521ae268159
atmos_4xdaily_fine_inst.tile6.nc d4b2fe8b386577cb3d2eeb9d7cd727e2
fv_core.res.nc 82157501c5b777a6e51603f36d381a8c
fv_core.res.tile1.nc 18eb8d98bb5f0c7a3d8e7817036c3edc
fv_core.res.tile2.nc c25a5ba66fbeadcaef8708c14e250271
fv_core.res.tile3.nc a980fe0182890846aeefb6a338f7eac8
fv_core.res.tile4.nc 536451d1b0773ab99c839ef8f154227c
fv_core.res.tile5.nc 2bcd02ecd5fb5564fca637b3639bf48a
fv_core.res.tile6.nc 8c2047dd9627c61db2189c8e3902bd99
fv_srf_wnd.res.tile1.nc 8667d6037a82dd56c28c62a72db0aa0d
fv_srf_wnd.res.tile2.nc 3d9caf15b0907f3de65ed9496d4fe3e0
fv_srf_wnd.res.tile3.nc c091d7477cbd055c3f6fc068aeae595c
fv_srf_wnd.res.tile4.nc 73f63197f3ca2b7d170292657bbbecfa
fv_srf_wnd.res.tile5.nc e23e2e7785797bb20a5d9aaa1ad7a276
fv_srf_wnd.res.tile6.nc 4b843ee950c7754de2198d03bd8fdc96
fv_tracer.res.tile1.nc 17ae102ba7b9d2fff6c0464b397e1264
fv_tracer.res.tile2.nc 75b51de840594361f64a00469f0fd9f1
fv_tracer.res.tile3.nc 162cc6051cb64b4265a928b42b28ed66
fv_tracer.res.tile4.nc e8497a48d926ce92ec77d306804c5c87
fv_tracer.res.tile5.nc a1778df631edc8d0240d5f0945abf3ff
fv_tracer.res.tile6.nc 07b5d6ea4db3b73cdf51181bbf99e04b
oro_data.tile1.nc 7a51c9c62c1dafafc19c8fb9c1c5945b
oro_data.tile2.nc 9196b1ce3803f01782076e1e5a256340
oro_data.tile3.nc 8eb0653c3f656b3981ca8b57bfb6ac28
oro_data.tile4.nc 3d85307062f7c1f1bcd6c97177344d82
oro_data.tile5.nc 6820a83fb382fd45a5883c603266bb17
oro_data.tile6.nc df632c163e05bd45d742c2c995b6e5b5
phy_data.tile1.nc 009eee5d146a8dd492bfc6052ccad11e
phy_data.tile2.nc ed094092b41c9853bf85d84d43d1f7fd
phy_data.tile3.nc e7122fe73228aca73a13c89a3d53f149
phy_data.tile4.nc ecc9f494e54293e09d50981300be7c26
phy_data.tile5.nc f6ac59fc70a90e246c28db7ee9da4c6d
phy_data.tile6.nc 8b15f645ac7f3fd52bcee6180edd1522
sfc_data.tile1.nc 21cd3749a3b6aad9c884f34e55f6f86b
sfc_data.tile2.nc 5cbf9dcd445515d4fb10495eeb41de60
sfc_data.tile3.nc 6cba22ee2964ce45ba2fd7495881ce4e
sfc_data.tile4.nc c1ca3cce4c32e6fdcdc4dc11b0e9e516
sfc_data.tile5.nc 18233aee0da682e84db296c5c67f3194
sfc_data.tile6.nc a945ca9656675b89afcb47ffe8e44473
