atmos_8xdaily.tile1.nc 2d85da76838e2824a6cb347127454bf8
atmos_8xdaily.tile2.nc 737e95c8ab5c48574889ef4b161767ea
atmos_8xdaily.tile3.nc 80728c0f058e2627809f9755cee57ef7
atmos_8xdaily.tile4.nc a24f8e99e15f7d9c1796f9014fae1aba
atmos_8xdaily.tile5.nc 33eda74f526acf6c0ca3378569958ffc
atmos_8xdaily.tile6.nc 695a54a3c14599304f8511ebaf232644
atmos_dt_atmos.tile1.nc fc4cd204fe986a519b034701a3e8a150
atmos_dt_atmos.tile2.nc 8d2ac32e9ee97c05529168f2a02e3842
atmos_dt_atmos.tile3.nc 2f93e469770fc7aba512eeb25a8c70f4
atmos_dt_atmos.tile4.nc c9ef2ce8de2bfe19ca6bf7836140d32b
atmos_dt_atmos.tile5.nc 59b1ee0e82dbc625a1f7d4e5dd1dbf20
atmos_dt_atmos.tile6.nc b37224683310414f5b9cc26ff2331852
atmos_static.tile1.nc 896dd75cd0b3d38b8db0ecf0c1902453
atmos_static.tile2.nc 3556f836cb116e39b5a5e3da21474f54
atmos_static.tile3.nc 2a0d81c2221eea84839605975c713bef
atmos_static.tile4.nc c7f19b5b7d4bc3297e844e171d4ba6d8
atmos_static.tile5.nc fa9b20e04e4bacfe1f23dd8e6583988e
atmos_static.tile6.nc 06d11cda82c6235d7a77dc75ddb05357
fv_core.res.nc 03f92921ec61bc2e8650bcc3b1cc3971
fv_core.res.tile1.nc 5aaa2dd261974b38c8addca8def60d1c
fv_core.res.tile2.nc f7a67b6bd7d524b5262104bedcdb4f19
fv_core.res.tile3.nc 1536df96037be4820072cc97df2b3724
fv_core.res.tile4.nc ba004f8e993e47030cca2c3ce049e2da
fv_core.res.tile5.nc 4ec5b44f3be89a6339cdc940b46e1a70
fv_core.res.tile6.nc 90e27e06460b9470feb04d326f591d4c
fv_srf_wnd.res.tile1.nc e8e157427a666ffd072c60defcab6739
fv_srf_wnd.res.tile2.nc aab9cf83a48955aa7ab550a60d18e12b
fv_srf_wnd.res.tile3.nc 86ae92ccbafdef19388d1fa4ae299949
fv_srf_wnd.res.tile4.nc 5fd74ae796e73fcce03326ea6244048f
fv_srf_wnd.res.tile5.nc 5618fa1cbf1e010cb279f6334730cb99
fv_srf_wnd.res.tile6.nc 4a33fd4c7f8a61f7d221983be27ea327
fv_tracer.res.tile1.nc 9dbc067917d5a7af2aa08d302a5fbb36
fv_tracer.res.tile2.nc b2bbd1d1cfab209e8ae4a2f4b447641a
fv_tracer.res.tile3.nc 8a0fb2d86cb80ec5c2f7c85b885174ef
fv_tracer.res.tile4.nc 6c5949b5c4257b0330f0a7635b9d17b4
fv_tracer.res.tile5.nc 41d95dda958741bbaff3dfda96401627
fv_tracer.res.tile6.nc 5add012227d4b82d31f96cd0e112808c
oro_data.tile1.nc 7a51c9c62c1dafafc19c8fb9c1c5945b
oro_data.tile2.nc 9196b1ce3803f01782076e1e5a256340
oro_data.tile3.nc 8eb0653c3f656b3981ca8b57bfb6ac28
oro_data.tile4.nc 3d85307062f7c1f1bcd6c97177344d82
oro_data.tile5.nc 6820a83fb382fd45a5883c603266bb17
oro_data.tile6.nc df632c163e05bd45d742c2c995b6e5b5
phy_data.tile1.nc b6430cee19862a51e381828b00e6877e
phy_data.tile2.nc d02c5fdd9b34f4669b4b4467b1d9b01a
phy_data.tile3.nc b39626ca384b586d602b8bdb049ab47d
phy_data.tile4.nc 5edae36ec7d0718b5ddaa2726269144c
phy_data.tile5.nc 08bc64ba4adb898da72f373fb9ce33c5
phy_data.tile6.nc 361e024da0a97fcc375d0cb2cd0da468
sfc_data.tile1.nc 2e310a50d066b32edc084871871a986c
sfc_data.tile2.nc 213bc4e274bc7765f873ed793d699d01
sfc_data.tile3.nc 8a422ec242a8b231b862a36c502e1e19
sfc_data.tile4.nc 06e820ebd5b21d12ca93fb6825da3b8e
sfc_data.tile5.nc 09430cf9875d013a87e7cee229b80486
sfc_data.tile6.nc 1e199b4fa024dcfd9ead44c6eff02ba6
sfc_dt_atmos.tile1.nc 61f0ebbab54213164f952a7d12d65453
sfc_dt_atmos.tile2.nc 8b60212cd71d9540312715bd4a632d44
sfc_dt_atmos.tile3.nc 1b3bb6e58eceb30cf26249d35a79a988
sfc_dt_atmos.tile4.nc 56d253c156d60fc3d4bd33f088323b54
sfc_dt_atmos.tile5.nc ddb3f8e26cfbcce479492e3060a65503
sfc_dt_atmos.tile6.nc 4b711a71aa93d92a0b8a6d0e3aaf0dbd
