2016   8   1   0   0   0  Aug
2016   8   1   0  30   0  Aug
